Application     C:\Users\Ashley\Dropbox (Institute of International Programs)\Projects\4_WHO HHFA\33_HHFA GIT repository\MainHHFA\process\report_other\Writing Other Specify.bch
Type            BATCH
Input Data      <<CSPro DB>> C:\Users\Ashley\Dropbox (Institute of International Programs)\Projects\4_WHO HHFA\33_HHFA GIT repository\MainHHFA\data\2_HFA_COMB_FINALDATA.csdb
Output Data     <<Empty>> 
<File>          OtherSpecify=

Date            Jul 21, 2023
Start Time      10:43:48
End Time        10:43:48

CSPro Process Summary

      ╔══════════════════════════════════════════════════════╗
      ║         0 Records Read   0% of input file            ║
      ║         0 Ignored:       0 Unknown         0 Erased  ║
      ║         1 Messages:      1 E      0 W      0 User    ║
      ╠═════════╦══════════════╦══════════════╦══════════════╣
      ║  Level  ║  Input Case  ║  Bad Struct  ║  Level Post  ║
      ╠═════════╬══════════════╬══════════════╬══════════════╣
      ║      1  ║           0  ║           0  ║           0  ║
      ╚═════════╩══════════════╩══════════════╩══════════════╝

Process Messages

*** LEVEL 0 PREPROC has 1 message (1 E / 0 W / 0 U)
    E   10105 There was an error accessing the data source: The data file does not exist: C:\Users\Ashley\Dropbox
              (Institute of International Programs)\Projects\4_WHO HHFA\33_HHFA GIT
              repository\MainHHFA\data\2_HFA_COMB_FINALDATA.csdb

System messages:

  Number        Freq         Message Text                                                                               
  ------        ----         ------------                                                                               
   10105           1         There was an error accessing the data source: %s                                           


CSPro Executor Normal End
------------------------------------------------------------------------------------------------------------------------
